../Common_layer/Src/ssd1306.c:9:6:ssd1306_Reset	4	static
../Common_layer/Src/ssd1306.c:14:6:ssd1306_WriteCommand	32	static
../Common_layer/Src/ssd1306.c:19:6:ssd1306_WriteData	32	static
../Common_layer/Src/ssd1306.c:64:17:ssd1306_FillBuffer	24	static
../Common_layer/Src/ssd1306.c:74:6:ssd1306_Init	8	static
../Common_layer/Src/ssd1306.c:176:6:ssd1306_Fill	16	static
../Common_layer/Src/ssd1306.c:181:6:ssd1306_UpdateScreen	16	static
../Common_layer/Src/ssd1306.c:202:6:ssd1306_DrawPixel	16	static
../Common_layer/Src/ssd1306.c:222:6:ssd1306_WriteChar	48	static
../Common_layer/Src/ssd1306.c:257:6:ssd1306_WriteString	32	static
../Common_layer/Src/ssd1306.c:271:6:ssd1306_SetCursor	16	static
../Common_layer/Src/ssd1306.c:277:6:ssd1306_Line	48	static
../Common_layer/Src/ssd1306.c:304:6:ssd1306_Polyline	40	static
../Common_layer/Src/ssd1306.c:318:14:ssd1306_DegToRad	16	static
../Common_layer/Src/ssd1306.c:323:17:ssd1306_NormalizeTo0_360	24	static
../Common_layer/Src/ssd1306.c:339:6:ssd1306_DrawArc	64	static
../Common_layer/Src/ssd1306.c:379:6:ssd1306_DrawArcWithRadiusLine	72	static
../Common_layer/Src/ssd1306.c:422:6:ssd1306_DrawCircle	40	static
../Common_layer/Src/ssd1306.c:457:6:ssd1306_FillCircle	48	static
../Common_layer/Src/ssd1306.c:493:6:ssd1306_DrawRectangle	32	static
../Common_layer/Src/ssd1306.c:503:6:ssd1306_FillRectangle	32	static
../Common_layer/Src/ssd1306.c:517:17:ssd1306_InvertRectangle	32	static
../Common_layer/Src/ssd1306.c:548:6:ssd1306_DrawBitmap	24	static
../Common_layer/Src/ssd1306.c:572:6:ssd1306_SetContrast	24	static
../Common_layer/Src/ssd1306.c:578:6:ssd1306_SetDisplayOn	24	static
../Common_layer/Src/ssd1306.c:590:9:ssd1306_GetDisplayOn	4	static
