../Common/Src/com_ADC.c:78:6:USER_ADC1_Init	8	static
../Common/Src/com_ADC.c:153:6:USER_GPIO_Init	24	static
../Common/Src/com_ADC.c:168:6:ADC_select_CH1	8	static
../Common/Src/com_ADC.c:193:6:ADC_select_CH2	8	static
../Common/Src/com_ADC.c:219:6:ADC_select_CH3	8	static
../Common/Src/com_ADC.c:245:6:ADC_select_CH4	8	static
../Common/Src/com_ADC.c:297:6:adc_start	8	static
../Common/Src/com_ADC.c:302:6:adc_conversion	8	static
../Common/Src/com_ADC.c:307:10:adc_value	8	static
../Common/Src/com_ADC.c:312:6:adc_stop	8	static
