../common_layer/Src/com.c:29:6:SystemClock_Config	96	static
../common_layer/Src/com.c:86:7:user_USART1_UART_Init	8	static
../common_layer/Src/com.c:117:7:user_GPIO_Init	48	static
../common_layer/Src/com.c:151:7:gpio_output	40	static
../common_layer/Src/com.c:163:7:gpio_input	40	static
../common_layer/Src/com.c:174:7:user_output_GPIO_Init	40	static
../common_layer/Src/com.c:213:7:data_receive	8	static
../common_layer/Src/com.c:219:13:read_gpio	16	static
../common_layer/Src/com.c:225:7:write_gpio	16	static
