../common_layer/Src/com_config.c:32:6:user_SystemClock_Config	96	static
../common_layer/Src/com_config.c:89:7:user_USART1_UART_Init	8	static
../common_layer/Src/com_config.c:116:7:user_GPIO_Init	48	static
../common_layer/Src/com_config.c:151:7:gpio_output	40	static
../common_layer/Src/com_config.c:163:7:gpio_input	40	static
../common_layer/Src/com_config.c:174:7:user_output_GPIO_Init	40	static
../common_layer/Src/com_config.c:213:7:data_receive	8	static
../common_layer/Src/com_config.c:218:7:status_transmit	8	static
../common_layer/Src/com_config.c:223:13:read_gpio	16	static
../common_layer/Src/com_config.c:229:7:write_gpio	16	static
