../common_layer/Src/com_config.c:34:6:user_SystemClock_Config	96	static
../common_layer/Src/com_config.c:91:7:user_USART1_UART_Init	8	static
../common_layer/Src/com_config.c:118:7:user_GPIO_Init	32	static
../common_layer/Src/com_config.c:153:7:gpio_output	40	static
../common_layer/Src/com_config.c:165:7:gpio_input	40	static
../common_layer/Src/com_config.c:179:6:data_receive	8	static
../common_layer/Src/com_config.c:188:6:status_transmit	8	static
../common_layer/Src/com_config.c:196:13:read_gpio	16	static
../common_layer/Src/com_config.c:202:13:write_gpio	16	static
