../Common/Src/com_adc.c:20:6:USER_SystemClock_Config	96	static
../Common/Src/com_adc.c:76:6:USER_ADC1_Init	8	static
../Common/Src/com_adc.c:139:6:USER_GPIO_Init	16	static
../Common/Src/com_adc.c:153:6:ADC_select_CH1	32	static
../Common/Src/com_adc.c:168:6:ADC_select_CH2	32	static
../Common/Src/com_adc.c:183:6:ADC_select_CH3	32	static
../Common/Src/com_adc.c:198:6:ADC_select_CH4	32	static
../Common/Src/com_adc.c:240:6:adc_start	8	static
../Common/Src/com_adc.c:245:6:adc_conversion	8	static
../Common/Src/com_adc.c:250:10:adc_value	8	static
../Common/Src/com_adc.c:255:6:adc_stop	8	static
