../Common/Src/com_adc.c:22:6:USER_SystemClock_Config	96	static
../Common/Src/com_adc.c:78:6:USER_ADC1_Init	8	static
../Common/Src/com_adc.c:141:6:USER_GPIO_Init	16	static
../Common/Src/com_adc.c:155:6:ADC_select_CH1	32	static
../Common/Src/com_adc.c:170:6:ADC_select_CH2	32	static
../Common/Src/com_adc.c:185:6:ADC_select_CH3	32	static
../Common/Src/com_adc.c:200:6:ADC_select_CH4	32	static
../Common/Src/com_adc.c:242:6:adc_start	8	static
../Common/Src/com_adc.c:247:6:adc_conversion	8	static
../Common/Src/com_adc.c:252:10:adc_value	8	static
../Common/Src/com_adc.c:257:6:adc_stop	8	static
