../common_layer/Src/com_ADC.c:78:6:USER_ADC1_Init	8	static
../common_layer/Src/com_ADC.c:153:6:USER_GPIO_Init	24	static
../common_layer/Src/com_ADC.c:168:6:ADC_select_CH1	8	static
../common_layer/Src/com_ADC.c:193:6:ADC_select_CH2	8	static
../common_layer/Src/com_ADC.c:215:6:ADC_select_CH3	8	static
../common_layer/Src/com_ADC.c:239:6:ADC_select_CH4	8	static
../common_layer/Src/com_ADC.c:289:6:adc_start	8	static
../common_layer/Src/com_ADC.c:294:6:adc_conversion	8	static
../common_layer/Src/com_ADC.c:299:10:adc_value	8	static
../common_layer/Src/com_ADC.c:304:6:adc_stop	8	static
