../Application_FLASH_layers/Src/application_Flash.c:31:6:Application_Init	24	static
../Application_FLASH_layers/Src/application_Flash.c:37:6:Application_Run	40	static
../Application_FLASH_layers/Src/application_Flash.c:56:7:Voltage_Calculation	8	static
../Application_FLASH_layers/Src/application_Flash.c:62:6:adc_handler	8	static
../Application_FLASH_layers/Src/application_Flash.c:68:10:adc_value	8	static
../Application_FLASH_layers/Src/application_Flash.c:73:6:HAL_ADC_ConvCpltCallback	16	static
../Application_FLASH_layers/Src/application_Flash.c:81:9:decToBcd	16	static
../Application_FLASH_layers/Src/application_Flash.c:87:9:bcdToDec	16	static
../Application_FLASH_layers/Src/application_Flash.c:93:6:Set_Time	40	static
../Application_FLASH_layers/Src/application_Flash.c:111:6:Get_Time	8	static
