../Common_layer/Src/com_config.c:19:6:user_SystemClock_Config	96	static
../Common_layer/Src/com_config.c:76:7:user_USART1_UART_Init	8	static
../Common_layer/Src/com_config.c:103:7:user_GPIO_Init	32	static
../Common_layer/Src/com_config.c:138:7:gpio_output	40	static
../Common_layer/Src/com_config.c:150:7:gpio_input	40	static
../Common_layer/Src/com_config.c:161:7:user_output_GPIO_Init	40	static
../Common_layer/Src/com_config.c:200:7:data_receive	8	static
../Common_layer/Src/com_config.c:205:7:status_transmit	8	static
../Common_layer/Src/com_config.c:210:13:read_gpio	16	static
../Common_layer/Src/com_config.c:216:7:write_gpio	16	static
