../Common_layer/Src/ssd1306.c:10:6:ssd1306_Reset	4	static
../Common_layer/Src/ssd1306.c:15:6:ssd1306_WriteCommand	32	static
../Common_layer/Src/ssd1306.c:22:6:ssd1306_WriteData	32	static
../Common_layer/Src/ssd1306.c:69:17:ssd1306_FillBuffer	24	static
../Common_layer/Src/ssd1306.c:79:6:ssd1306_Init	8	static
../Common_layer/Src/ssd1306.c:181:6:ssd1306_Fill	16	static
../Common_layer/Src/ssd1306.c:186:6:ssd1306_UpdateScreen	16	static
../Common_layer/Src/ssd1306.c:207:6:ssd1306_DrawPixel	16	static
../Common_layer/Src/ssd1306.c:227:6:ssd1306_WriteChar	48	static
../Common_layer/Src/ssd1306.c:262:6:ssd1306_WriteString	32	static
../Common_layer/Src/ssd1306.c:276:6:ssd1306_SetCursor	16	static
../Common_layer/Src/ssd1306.c:577:6:ssd1306_SetContrast	24	static
../Common_layer/Src/ssd1306.c:583:6:ssd1306_SetDisplayOn	24	static
../Common_layer/Src/ssd1306.c:595:9:ssd1306_GetDisplayOn	4	static
