../common/Src/com_adc.c:19:6:USER_SystemClock_Config	96	static
../common/Src/com_adc.c:75:6:USER_ADC1_Init	8	static
../common/Src/com_adc.c:138:6:USER_GPIO_Init	16	static
../common/Src/com_adc.c:152:6:ADC_select_CH1	32	static
../common/Src/com_adc.c:167:6:ADC_select_CH2	32	static
../common/Src/com_adc.c:182:6:ADC_select_CH3	32	static
../common/Src/com_adc.c:197:6:ADC_select_CH4	32	static
../common/Src/com_adc.c:239:6:adc_start	8	static
../common/Src/com_adc.c:244:6:adc_conversion	8	static
../common/Src/com_adc.c:249:10:adc_value	8	static
../common/Src/com_adc.c:254:6:adc_stop	8	static
